09:53:54,303 Setting up the instrument
09:53:54,303 Product Name:      i1Display3
09:53:54,303 Serial Number:     C8-25.D-02.043739.10
09:53:54,303 Hardware Rev.:     D-02
09:53:54,303 Firmware Version:  v2.30
09:53:54,303 Firmware Date:     08Apr21
09:53:54,303 Measured display update delay of 19 msec, using delay of 125 msec & 0 msec     ↲
             ↳ inst reaction
09:53:54,303 No distict refresh period
09:53:54,303 Current calibration response:
09:53:54,303 Black level = 0.2332 cd/m^2
09:53:54,303 50%   level = 28.46 cd/m^2
09:53:54,303 White level = 120.42 cd/m^2
09:53:54,303 Aprox. gamma = 2.08
09:53:54,303 Contrast ratio = 516:1
09:53:54,303 White chromaticity coordinates 0.3121, 0.3282
09:53:54,303 White    Correlated Color Temperature = 6541K, DE 2K to locus =  4.4
09:53:54,303 White Correlated Daylight Temperature = 6544K, DE 2K to locus =  0.3
09:53:54,303 White        Visual Color Temperature = 6381K, DE 2K to locus =  4.2
09:53:54,303 White     Visual Daylight Temperature = 6554K, DE 2K to locus =  0.3
09:53:54,303 White drift was 0.000000 DE
