22:38:17,521 Setting up the instrument
22:38:17,521 Product Name:      i1Display3
22:38:17,521 Serial Number:     C8-25.D-02.043739.10
22:38:17,521 Hardware Rev.:     D-02
22:38:17,521 Firmware Version:  v2.30
22:38:17,521 Firmware Date:     08Apr21
22:38:17,521 Black point device hack is enabled
22:38:17,521 Commencing display verification
22:38:17,521 Switching to native response for base measurements
22:38:17,521 Measured display update delay of 0 msec, using delay of 100 msec & 0 msec      ↲
             ↳ inst reaction
22:38:17,521 No distict refresh period
22:38:17,521 Switching back to calibration being verified
22:38:17,521 Doing verify pass 1/1 with 100 sample points
22:38:17,521 Verification results:
22:38:17,521 Brightness error = 0.424965 cd/m^2 (is 120.424965, should be 120.000000)
22:38:17,521 White point error = 0.222741 deltaE
22:38:17,521 Maximum neutral error (@ 0.143258) = 1.549901 deltaE
22:38:17,521 Average neutral error = 0.620931 deltaE
22:38:17,521 Number of measurements taken = 100
22:38:17,521 White drift was 0.709270 DE
